
20260609223132
crash:
// CRASH: vrhnjblm.iabewpt.spsju (pid 20956) (dump time: 2026-06-09 22:31:32
// Version: 
// Long Msg: java.lang.RuntimeException: Unable to start activity ComponentInfo{vrhnjblm.iabewpt.spsju/vrhnjblm.iabewpt.spsju.GameActivity}: android.view.InflateException: Binary XML file line #4 in vrhnjblm.iabewpt.spsju:layout/main: Binary XML file line #4 in vrhnjblm.iabewpt.spsju:layout/main: Error inflating class vrhnjblm.iabewpt.spsju.GameView
// 	at android.app.ActivityThread.performLaunchActivity(ActivityThread.java:3449)
// 	at android.app.ActivityThread.handleLaunchActivity(ActivityThread.java:3601)
// 	at android.app.servertransaction.LaunchActivityItem.execute(LaunchActivityItem.java:85)
// 	at android.app.servertransaction.TransactionExecutor.executeCallbacks(TransactionExecutor.java:135)
// 	at android.app.servertransaction.TransactionExecutor.execute(TransactionExecutor.java:95)
// 	at android.app.ActivityThread$H.handleMessage(ActivityThread.java:2066)
// 	at android.os.Handler.dispatchMessage(Handler.java:106)
// 	at android.os.Looper.loop(Looper.java:223)
// 	at android.app.ActivityThread.main(ActivityThread.java:7656)
// 	at java.lang.reflect.Method.invoke(Native Method)
// 	at com.android.internal.os.RuntimeInit$MethodAndArgsCaller.run(RuntimeInit.java:592)
// 	at com.android.internal.os.ZygoteInit.main(ZygoteInit.java:947)
// Caused by: android.view.InflateException: Binary XML file line #4 in vrhnjblm.iabewpt.spsju:layout/main: Binary XML file line #4 in vrhnjblm.iabewpt.spsju:layout/main: Error inflating class vrhnjblm.iabewpt.spsju.GameView
// Caused by: android.view.InflateException: Binary XML file line #4 in vrhnjblm.iabewpt.spsju:layout/main: Error inflating class vrhnjblm.iabewpt.spsju.GameView
// Caused by: java.lang.reflect.InvocationTargetException
// 	at java.lang.reflect.Constructor.newInstance0(Native Method)
// 	at java.lang.reflect.Constructor.newInstance(Constructor.java:343)
// 	at android.view.LayoutInflater.createView(LayoutInflater.java:852)
// 	at android.view.LayoutInflater.createViewFromTag(LayoutInflater.java:1004)
// 	at android.view.LayoutInflater.createViewFromTag(LayoutInflater.java:959)
// 	at android.view.LayoutInflater.rInflate(LayoutInflater.java:1121)
// 	at android.view.LayoutInflater.rInflateChildren(LayoutInflater.java:1082)
// 	at android.view.LayoutInflater.inflate(LayoutInflater.java:680)
// 	at android.view.LayoutInflater.inflate(LayoutInflater.java:532)
// 	at android.view.LayoutInflater.inflate(LayoutInflater.java:479)
// 	at com.android.internal.policy.PhoneWindow.setContentView(PhoneWindow.java:455)
// 	at android.app.Activity.setContentView(Activity.java:3468)
// 	at vrhnjblm.iabewpt.spsju.GameActivity.onCreate(Unknown Source:128)
// 	at android.app.Activity.performCreate(Activity.java:7994)
// 	at android.app.Activity.performCreate(Activity.java:7978)
// 	at android.app.Instrumentation.callActivityOnCreate(Instrumentation.java:1309)
// 	at android.app.ActivityThread.performLaunchActivity(ActivityThread.java:3422)
// 	at android.app.ActivityThread.handleLaunchActivity(ActivityThread.java:3601)
// 	at android.app.servertransaction.LaunchActivityItem.execute(LaunchActivityItem.java:85)
// 	at android.app.servertransaction.TransactionExecutor.executeCallbacks(TransactionExecutor.java:135)
// 	at android.app.servertransaction.TransactionExecutor.execute(TransactionExecutor.java:95)
// 	at android.app.ActivityThread$H.handleMessage(ActivityThread.java:2066)
// 	at android.os.Handler.dispatchMessage(Handler.java:106)
// 	at android.os.Looper.loop(Looper.java:223)
// 	at android.app.ActivityThread.main(ActivityThread.java:7656)
// 	at java.lang.reflect.Method.invoke(Native Method)
// 	at com.android.internal.os.RuntimeInit$MethodAndArgsCaller.run(RuntimeInit.java:592)
// 	at com.android.internal.os.ZygoteInit.main(ZygoteInit.java:947)
// Caused by: java.lang.RuntimeException: Font asset not found fonts/font.ttf
// 	at android.graphics.Typeface.createFromAsset(Typeface.java:965)
// 	at vrhnjblm.iabewpt.spsju.PointsTip.<init>(Unknown Source:41)
// 	at vrhnjblm.iabewpt.spsju.GameView$GameViewThread.<init>(Unknown Source:853)
// 	at vrhnjblm.iabewpt.spsju.GameView.<init>(Unknown Source:26)
// 	... 28 more
// crash end

